<html>
<body>
<pre>
<h1>µVision Build Log</h1>
<h2>Tool Versions:</h2>
IDE-Version: ¦ÌVision V5.40.0.0
Copyright (C) 2024 ARM Ltd and ARM Germany GmbH. All rights reserved.
License Information: 1 3538281, HP Inc., LIC=MPPLD-84V8L-DYBV3-A2RTB-NV0YK-AY1B7
 
Tool Versions:
Toolchain:       MDK-ARM Plus  Version: 5.40.0.3
Toolchain Path:  C:\D zone software\MCU\Keil5_MDK_C51\Keil_MDK\ARM\ARMCC\Bin
C Compiler:      Armcc.exe V5.06 update 6 (build 750)
Assembler:       Armasm.exe V5.06 update 6 (build 750)
Linker/Locator:  ArmLink.exe V5.06 update 6 (build 750)
Library Manager: ArmAr.exe V5.06 update 6 (build 750)
Hex Converter:   FromElf.exe V5.06 update 6 (build 750)
CPU DLL:         SARMCM3.DLL V5.40.0.3
Dialog DLL:      DCM.DLL V1.17.5.0
Target DLL:      CMSIS_AGDI.dll V1.33.18.0
Dialog DLL:      TCM.DLL V1.56.4.0
 
<h2>Project:</h2>
C:\D zone software\MCU\STM32\Plant_monitoring_system\Project\Plant monitoring system\MDK-ARM\Plant monitoring system.uvprojx
Project File Date:  03/08/2025

<h2>Output:</h2>
*** Using Compiler 'V5.06 update 6 (build 750)', folder: 'C:\D zone software\MCU\Keil5_MDK_C51\Keil_MDK\ARM\ARMCC\Bin'
Build target 'Plant monitoring system'
compiling bh1750.c...
..\ModuleDiver\bh1750.h(15): warning:  #1-D: last line of file ends without a newline
  #endif // _BH1750_H
..\ModuleDiver\bh1750.c(64): warning:  #1-D: last line of file ends without a newline
  }
..\ModuleDiver\bh1750.c: 2 warnings, 0 errors
compiling SGP30.c...
compiling main.c...
../ModuleDiver/bh1750.h(15): warning:  #1-D: last line of file ends without a newline
  #endif // _BH1750_H
../Core/Src/main.c: 1 warning, 0 errors
compiling driver_i2c.c...
compiling SHT40.c...
linking...
Program Size: Code=11310 RO-data=2358 RW-data=28 ZI-data=2292  
FromELF: creating hex file...
"Plant monitoring system\Plant monitoring system.axf" - 0 Error(s), 3 Warning(s).

<h2>Software Packages used:</h2>

Package Vendor: ARM
                https://www.keil.com/pack/ARM.CMSIS.6.1.0.pack
                ARM::CMSIS@6.1.0
                CMSIS (Common Microcontroller Software Interface Standard)
   * Component: CORE Version: 6.1.0

Package Vendor: Keil
                https://www.keil.com/pack/Keil.STM32F1xx_DFP.2.4.1.pack
                Keil::STM32F1xx_DFP@2.4.1
                STMicroelectronics STM32F1 Series Device Support, Drivers and Examples

<h2>Collection of Component include folders:</h2>
  ./RTE/_Plant_monitoring_system
  C:/D zone software/MCU/Keil5_MDK_C51/Keil_MDK/Packs/ARM/CMSIS/6.1.0/CMSIS/Core/Include
  C:/D zone software/MCU/Keil5_MDK_C51/Keil_MDK/Packs/Keil/STM32F1xx_DFP/2.4.1/Device/Include

<h2>Collection of Component Files used:</h2>

   * Component: ARM::CMSIS:CORE@6.1.0
      Include file:  CMSIS/Core/Include/tz_context.h
Build Time Elapsed:  00:00:02
</pre>
</body>
</html>
